LTspice 24.1.8 for Windows
Circuit: C:\Users\adtiw\OneDrive\Desktop\VLSI_LAB\CMOS_INVERTER_POWER\circuit.net
Start Time: Tue Oct  6 02:07:36 2026
solver = Normal
Maximum thread count: 8
tnom = 27
temp = 27
method = trap
Instance "M_NMOS": Length shorter than recommended for a level 1 MOSFET.
Instance "M_NMOS": Width narrower than recommended for a level 1 MOSFET.
Instance "M_PMOS": Length shorter than recommended for a level 1 MOSFET.
Direct Newton iteration for .op point succeeded.
Total elapsed time: 0.169 seconds.

Files loaded:
C:\Users\adtiw\OneDrive\Desktop\VLSI_LAB\CMOS_INVERTER_POWER\circuit.net
C:\Users\adtiw\AppData\Local\LTspice\lib\cmp\standard.mos

avg_current: AVG(-I(VDD_SOURCE))=9.99694475179e-05 FROM 6e-08 TO 1.2e-07
avg_power: AVG(V(PWR))=0.00049987208839 FROM 6e-08 TO 1.2e-07
max_power: MAX(V(PWR))=0.0254163499922 FROM 6e-08 TO 1.2e-07
energy_cycle: INTEG(V(PWR))=2.99923253034e-11 FROM 6e-08 TO 1.2e-07
avg_power_calc: 'energy_cycle/60n'=0.000499872088389
