LTspice 24.1.8 for Windows
Circuit: C:\Users\adtiw\OneDrive\Desktop\VLSI_LAB\CMOS_INVERTER_VTC\Draft2.net
Start Time: Tue Oct  6 01:42:34 2026
solver = Normal
Maximum thread count: 8
tnom = 27
temp = 27
method = trap
Instance "M_NMOS": Length shorter than recommended for a level 1 MOSFET.
Instance "M_NMOS": Width narrower than recommended for a level 1 MOSFET.
Instance "M_PMOS": Length shorter than recommended for a level 1 MOSFET.
Direct Newton iteration for .op point succeeded.
Total elapsed time: 0.166 seconds.

Files loaded:
C:\Users\adtiw\OneDrive\Desktop\VLSI_LAB\CMOS_INVERTER_VTC\Draft2.net
C:\Users\adtiw\AppData\Local\LTspice\lib\cmp\standard.mos

Measurement "avg_current" FAIL'ed
Measurement "avg_power" FAIL'ed
Measurement "max_power" FAIL'ed
Measurement "energy_cycle" FAIL'ed
Measurement "avg_power_calc" FAIL'ed
