LTspice 24.1.8 for Windows
Circuit: C:\Users\adtiw\OneDrive\Desktop\VLSI_LAB\CMOS_INVERTER_TRANSIENT\CIRCUIT.net
Start Time: Mon Oct  5 02:41:56 2026
solver = Normal
Maximum thread count: 8
tnom = 27
temp = 27
method = trap
Instance "M_NMOS": Length shorter than recommended for a level 1 MOSFET.
Instance "M_NMOS": Width narrower than recommended for a level 1 MOSFET.
Instance "M_PMOS": Length shorter than recommended for a level 1 MOSFET.
Direct Newton iteration for .op point succeeded.
Total elapsed time: 0.117 seconds.

Files loaded:
C:\Users\adtiw\OneDrive\Desktop\VLSI_LAB\CMOS_INVERTER_TRANSIENT\CIRCUIT.net
C:\Users\adtiw\AppData\Local\LTspice\lib\cmp\standard.mos

tr=6.97979150211e-10 FROM 1.16561081955e-08 TO 1.23540873457e-08
tf=6.9728393722e-10 FROM 6.55966817304e-10 TO 1.35325075452e-09
tphl=4.63730437516e-10 FROM 5.000000089e-10 TO 9.63730446415e-10
tplh=4.63754630472e-10 FROM 1.14999999888e-08 TO 1.19637546192e-08
tpd: '(tphl+tplh)/2'=4.63742533994e-10
